../Core/Src/main.c:81:5:main	48	static
../Core/Src/main.c:162:6:SystemClock_Config	88	static
../Core/Src/main.c:209:13:MX_I2C1_Init	8	static
../Core/Src/main.c:243:13:MX_TIM2_Init	32	static
../Core/Src/main.c:288:13:MX_USART3_UART_Init	8	static
../Core/Src/main.c:321:13:MX_USB_OTG_FS_PCD_Init	8	static
../Core/Src/main.c:356:13:MX_GPIO_Init	56	static
../Core/Src/main.c:408:6:configureTimerForRunTimeStats	4	static
../Core/Src/main.c:413:15:getRunTimeCounterValue	4	static
../Core/Src/main.c:419:6:vApplicationIdleHook	8	static
../Core/Src/main.c:435:6:vApplicationTickHook	8	static
../Core/Src/main.c:446:6:vApplicationStackOverflowHook	24	static,ignoring_inline_asm
../Core/Src/main.c:468:6:StartDefaultTask	16	static
../Core/Src/main.c:487:6:HAL_TIM_PeriodElapsedCallback	16	static
../Core/Src/main.c:507:6:Error_Handler	4	static,ignoring_inline_asm
