../src/app/src/RGB.c:45:13:change_state	16	static
../src/app/src/RGB.c:56:13:update_color_RGB	16	static
../src/app/src/RGB.c:111:13:turn_off_all	16	static
../src/app/src/RGB.c:129:13:blink_mode	16	static
../src/app/src/RGB.c:183:13:task_delete_	8	static
../src/app/src/RGB.c:187:13:task_	24	static
../src/app/src/RGB.c:207:13:task_create_	32	static
../src/app/src/RGB.c:232:13:update_state_RGB	16	static
../src/app/src/RGB.c:263:6:RGB_GPIOs_init	16	static,ignoring_inline_asm
../src/app/src/RGB.c:288:6:RGB_change_color	16	static
../src/app/src/RGB.c:300:6:RGB_change_state	16	static
../src/app/src/RGB.c:310:9:actual_color	4	static
../src/app/src/RGB.c:319:9:actual_state	4	static
